[backblue.gif]
[fade.gif]
[index.html]
[www.kri8thm.in/html/listen/theme/demo/images/logos/favicon.png]
[www.kri8thm.in/html/listen/theme/demo/images/logos/touch-icon-iphone.png]
[www.kri8thm.in/html/listen/theme/demo/images/logos/touch-icon-ipad.png]
[www.kri8thm.in/html/listen/theme/demo/images/logos/touch-icon-iphone-retina.png]
[www.kri8thm.in/html/listen/theme/demo/images/logos/touch-icon-ipad-retina.png]
[www.kri8thm.in/html/listen/theme/demo/images/cover/large/5.jpg]
[www.kri8thm.in/html/listen/theme/demo/images/cover/large/6.jpg]
[www.kri8thm.in/html/listen/theme/demo/images/cover/large/7.jpg]
[www.kri8thm.in/html/listen/theme/demo/images/cover/large/8.jpg]
[www.kri8thm.in/html/listen/theme/demo/images/cover/small/6.jpg]
[www.kri8thm.in/html/listen/theme/demo/images/cover/small/7.jpg]
[www.kri8thm.in/html/listen/theme/demo/images/cover/small/8.jpg]
[www.kri8thm.in/html/listen/theme/demo/images/cover/small/9.jpg]
[www.kri8thm.in/html/listen/theme/demo/images/cover/small/1.jpg]
[www.kri8thm.in/html/listen/theme/demo/images/cover/small/2.jpg]
[www.kri8thm.in/html/listen/theme/demo/images/cover/small/3.jpg]
[www.kri8thm.in/html/listen/theme/demo/images/cover/small/4.jpg]
[www.kri8thm.in/html/listen/theme/demo/images/users/thumb.jpg]
[www.kri8thm.in/html/listen/theme/demo/images/banner/home.jpg]
[www.kri8thm.in/html/listen/theme/demo/images/cover/large/1.jpg]
[www.kri8thm.in/html/listen/theme/demo/images/cover/large/2.jpg]
[www.kri8thm.in/html/listen/theme/demo/images/cover/large/3.jpg]
[www.kri8thm.in/html/listen/theme/demo/images/cover/large/4.jpg]
[www.kri8thm.in/html/listen/theme/demo/images/cover/small/5.jpg]
[www.kri8thm.in/html/listen/theme/demo/images/background/horizontal/2.jpg]
[www.kri8thm.in/html/listen/theme/demo/images/users/thumb-3.jpg]
[www.kri8thm.in/html/listen/theme/demo/images/users/thumb-4.jpg]
[www.kri8thm.in/html/listen/theme/demo/images/users/thumb-5.jpg]
[www.kri8thm.in/html/listen/theme/demo/images/background/horizontal/3.jpg]
[www.kri8thm.in/html/listen/theme/demo/images/users/thumb-2.jpg]
[www.kri8thm.in/html/listen/theme/demo/images/background/horizontal/1.jpg]
[www.kri8thm.in/html/listen/theme/demo/images/cover/small/10.jpg]
[www.kri8thm.in/html/listen/theme/demo/images/cover/large/9.jpg]
[www.kri8thm.in/html/listen/theme/demo/images/cover/large/10.jpg]
[www.kri8thm.in/html/listen/theme/demo/audio/ringtone-1.mp3]
[www.kri8thm.in/html/listen/theme/demo/audio/ringtone-2.mp3]
[www.kri8thm.in/html/listen/theme/demo/audio/ringtone-3.mp3]
[www.kri8thm.in/html/listen/theme/demo/audio/ringtone-4.mp3]
[www.kri8thm.in/html/listen/theme/demo/audio/ringtone-5.mp3]
[www.kri8thm.in/html/listen/theme/demo/audio/ringtone-6.mp3]
[www.kri8thm.in/html/listen/theme/demo/audio/ringtone-7.mp3]
[www.kri8thm.in/html/listen/theme/demo/audio/ringtone-8.mp3]
[www.kri8thm.in/html/listen/theme/demo/images/background/horizontal/4.jpg]
[www.kri8thm.in/html/listen/theme/demo/images/background/horizontal/5.jpg]
[www.kri8thm.in/html/listen/theme/demo/images/background/horizontal/6.jpg]
[www.kri8thm.in/html/listen/theme/demo/js/plugins.bundle.js]
[www.kri8thm.in/html/listen/theme/demo/js/scripts.bundle.js]
[www.kri8thm.in/html/listen/theme/demo/home.html]
[www.kri8thm.in/html/listen/theme/demo/fonts/remixicon/remixicondf6d.eot]
[www.kri8thm.in/html/listen/theme/demo/fonts/remixicon/remixicondf6d.woff2]
[www.kri8thm.in/html/listen/theme/demo/fonts/remixicon/remixicondf6d.woff]
[www.kri8thm.in/html/listen/theme/demo/fonts/remixicon/remixicondf6d.ttf]
[www.kri8thm.in/html/listen/theme/demo/css/plugins.bundle.css]
[www.kri8thm.in/html/listen/theme/demo/images/background/footer.jpg]
[www.kri8thm.in/html/listen/theme/demo/css/styles.bundle.css]
[www.kri8thm.in/html/listen/theme/demo/images/background/hero.jpg]
[www.kri8thm.in/html/listen/theme/demo/images/misc/plan.png]
[www.kri8thm.in/html/listen/theme/demo/index.html]
[www.kri8thm.in/html/listen/theme/demo/images/logos/logo.svg]
[www.kri8thm.in/html/listen/theme/demo/genres.html]
[www.kri8thm.in/html/listen/theme/demo/images/banner/song.jpg]
[www.kri8thm.in/html/listen/theme/demo/music.html]
[www.kri8thm.in/html/listen/theme/demo/albums.html]
[www.kri8thm.in/html/listen/theme/demo/images/banner/artists.jpg]
[www.kri8thm.in/html/listen/theme/demo/artists.html]
[www.kri8thm.in/html/listen/theme/demo/images/banner/radio.jpg]
[www.kri8thm.in/html/listen/theme/demo/stations.html]
[www.kri8thm.in/html/listen/theme/demo/images/banner/analytics.jpg]
[www.kri8thm.in/html/listen/theme/demo/analytics.html]
[www.kri8thm.in/html/listen/theme/demo/favorites.html]
[www.kri8thm.in/html/listen/theme/demo/history.html]
[www.kri8thm.in/html/listen/theme/demo/images/banner/event.jpg]
[www.kri8thm.in/html/listen/theme/demo/events.html]
[www.kri8thm.in/html/listen/theme/demo/event-details.html]
[www.kri8thm.in/html/listen/theme/demo/add-event.html]
[www.kri8thm.in/html/listen/theme/demo/404.html]
[www.kri8thm.in/html/listen/theme/demo/blank.html]
[www.kri8thm.in/html/listen/theme/demo/add-music.html]
[www.kri8thm.in/html/listen/theme/demo/artist-details.html]
[www.kri8thm.in/html/listen/theme/demo/songs.html]
[www.kri8thm.in/html/listen/theme/demo/song-details.html]
[www.kri8thm.in/html/listen/theme/demo/album-details.html]
[www.kri8thm.in/html/listen/theme/demo/profile.html]
[www.kri8thm.in/html/listen/theme/demo/settings.html]
[www.kri8thm.in/html/listen/theme/demo/plan.html]
[www.kri8thm.in/html/listen/theme/demo/fonts/remixicon/remixicondf6d.svg]
[www.kri8thm.in/html/listen/theme/demo/register.html]
[www.kri8thm.in/html/listen/theme/demo/images/background/about.jpg]
[www.kri8thm.in/html/listen/theme/demo/about.html]
[www.kri8thm.in/html/listen/theme/demo/blog.html]
[www.kri8thm.in/html/listen/theme/demo/contact.html]
[www.kri8thm.in/html/listen/theme/demo/login.html]
[www.kri8thm.in/html/listen/theme/demo/blog-details.html]
[www.kri8thm.in/html/listen/theme/demo/genre-details.html]
